// 重构日志: 9764d178
// 重构日志: feae2882
// 重构日志: 4de41c87
// 重构日志: 1ddcd82d
// 同步 ID: e5946d0b @ Sat Jul 25 12:48:00 UTC 2026
// 重构日志: 01fc557c
// 同步 ID: ae9f6bfd @ Sat Jul 25 18:15:38 UTC 2026
// 同步 ID: a3c75079 @ Sat Jul 25 22:17:18 UTC 2026
// 同步 ID: 0412fd6c @ Sun Jul 26 04:17:40 UTC 2026
// 同步 ID: 1b663ddf @ Sun Jul 26 07:19:22 UTC 2026
// 重构日志: fc39b659
// 同步 ID: 4739b9ab @ Mon Jul 27 08:47:05 UTC 2026
// 重构日志: 85ae210d
// 同步 ID: 626b0d77 @ Tue Jul 28 09:59:11 UTC 2026
// 同步 ID: bd6346dc @ Tue Jul 28 12:27:46 UTC 2026
// 同步 ID: ff0daff7 @ Tue Jul 28 17:24:46 UTC 2026
// 重构日志: f99a8743
// 同步 ID: 22d3c122 @ Fri Jul 31 07:45:13 UTC 2026
// 重构日志: ef684529
// 同步 ID: bbe18fb1 @ Sat Aug  1 15:31:48 UTC 2026
// 重构日志: bf2ee2b5
// 重构日志: e2c91315
// 重构日志: a8bd0237
// 同步 ID: 0b4393ac @ Mon Aug  3 15:39:26 UTC 2026
// 重构日志: edc16e98
// 重构日志: 7dd23f47
// 重构日志: bbd48fcd
// 重构日志: 896487fb
// 同步 ID: f5447b7c @ Fri Aug  7 11:31:39 UTC 2026
// 同步 ID: be5572b4 @ Sat Aug  8 02:40:55 UTC 2026
// 重构日志: 2e8e4ac4
// 重构日志: 886c9bb5
// 重构日志: b935347d
// 重构日志: eccd7b5b
// 重构日志: c8112dfa
// 重构日志: 381204f4
